2026-02-17 02:26:01,630 - INFO - 配置已从 ./config.json 加载
2026-02-17 02:26:05,298 - INFO - 配置已保存到 ./config.json
2026-02-17 02:26:06,249 - INFO - 测试API请求: 区县=临海市, POI类型=  汽车服务>加油站>中国石油(010102)
2026-02-17 02:26:06,253 - DEBUG - Starting new HTTPS connection (1): restapi.amap.com:443
2026-02-17 02:26:06,430 - DEBUG - https://restapi.amap.com:443 "GET /v3/config/district?key=440682f193b1306b45d26605086de93e&keywords=331082&subdistrict=0&extensions=all HTTP/1.1" 200 None
2026-02-17 02:26:06,464 - DEBUG - 已缓存行政区划边界: 331082
2026-02-17 02:26:06,473 - INFO - 获取到边界框: BoundingBox(min_lng=120.827017, min_lat=28.638956, max_lng=121.942713, max_lat=29.066543)
2026-02-17 02:26:06,879 - DEBUG - Starting new HTTPS connection (1): restapi.amap.com:443
2026-02-17 02:26:07,027 - DEBUG - https://restapi.amap.com:443 "GET /v5/place/polygon?key=440682f193b1306b45d26605086de93e&polygon=120.827017%2C28.638956%7C121.942713%2C29.066543&page_size=1&page_num=1&types=010102 HTTP/1.1" 200 None
2026-02-17 02:26:07,029 - INFO - API返回: 成功=True, 数量=1, 数据条数=1
2026-02-17 02:26:08,345 - INFO - ==================================================
2026-02-17 02:26:08,345 - INFO - 采集配置信息:
2026-02-17 02:26:08,345 - INFO -   API Key数量: 1
2026-02-17 02:26:08,345 - INFO -   目标区县数量: 1
2026-02-17 02:26:08,345 - INFO -   POI类型数量: 1
2026-02-17 02:26:08,345 - INFO -   POI超量阈值: 180
2026-02-17 02:26:08,346 - INFO -   请求间隔: 0.5秒
2026-02-17 02:26:08,346 - INFO -   并发数: 3
2026-02-17 02:26:08,346 - INFO -   坐标转换: ['wgs84', 'bd09']
2026-02-17 02:26:08,346 - INFO - 
选择的区县:
2026-02-17 02:26:08,346 - INFO -   - 浙江省 > 台州市 > 临海市 (331082)
2026-02-17 02:26:08,346 - INFO - 
选择的POI类型:
2026-02-17 02:26:08,346 - INFO -   -   汽车服务>加油站>中国石油 (代码: 010102)
2026-02-17 02:26:08,346 - INFO - ==================================================
2026-02-17 02:26:08,347 - INFO - 
开始采集，共 1 个任务
2026-02-17 02:26:08,347 - DEBUG - 从缓存加载行政区划边界: 331082
2026-02-17 02:26:08,351 - INFO - 区县边界: 临海市 - BoundingBox(min_lng=120.827017, min_lat=28.638956, max_lng=121.942713, max_lat=29.066543)
2026-02-17 02:26:08,351 - INFO - 开始采集: 临海市-  汽车服务>加油站>中国石油 (类型代码: 010102)
2026-02-17 02:26:08,352 - INFO - 处理区域: [120.8270, 28.6390] - [121.9427, 29.0665] (深度: 0)
2026-02-17 02:26:08,352 - DEBUG - 处理区域: [120.8270, 28.6390] - [121.9427, 29.0665] (深度: 0)
2026-02-17 02:26:08,354 - DEBUG - Starting new HTTPS connection (1): restapi.amap.com:443
2026-02-17 02:26:08,519 - DEBUG - https://restapi.amap.com:443 "GET /v5/place/polygon?key=440682f193b1306b45d26605086de93e&polygon=120.827017%2C28.638956%7C121.942713%2C29.066543&page_size=25&page_num=8&types=010102 HTTP/1.1" 200 None
2026-02-17 02:26:09,054 - DEBUG - Starting new HTTPS connection (1): restapi.amap.com:443
2026-02-17 02:26:09,207 - DEBUG - https://restapi.amap.com:443 "GET /v5/place/polygon?key=440682f193b1306b45d26605086de93e&polygon=120.827017%2C28.638956%7C121.942713%2C29.066543&page_size=25&page_num=1&types=010102 HTTP/1.1" 200 None
2026-02-17 02:26:09,208 - INFO - 共获取 16 条POI数据（1页）
2026-02-17 02:26:09,208 - INFO - 获取到 16 个POI
2026-02-17 02:26:09,209 - INFO - 获取到 16 个POI
2026-02-17 02:26:09,210 - DEBUG - 写入 16 条数据
2026-02-17 02:26:09,211 - INFO - 任务完成: 临海市-  汽车服务>加油站>中国石油，获取 16 条数据
2026-02-17 02:26:09,211 - INFO - 采集完成！共处理 16 条有效数据
